Using bundled DotNet SDK version: 10.0 win-x64
Running UnrealBuildTool: dotnet "..\..\Engine\Binaries\DotNET\UnrealBuildTool\UnrealBuildTool.dll" MikdashCourtyardV3Editor Win64 Development -Project="C:\Mikdash\Working-5.8\MikdashCourtyardV3\MikdashCourtyardV3.uproject" -WaitMutex -NoHotReload
Log file: C:\Users\shmue\AppData\Local\UnrealBuildTool\Log.txt
Determining max actions to execute in parallel (8 physical cores, 8 logical cores)
  Executing up to 8 processes, one per physical core
  Requested 1.5 GB memory per action, 7.77 GB available: limiting max parallel actions to 5
Using 'git status' to determine working set for adaptive non-unity build (C:\Mikdash\Working-5.8\MikdashCourtyardV3).
UbaServer - Listening on 0.0.0.0:1345
Invalidating makefile for MikdashCourtyardV3Editor (DefaultGame.ini modified)
UHT compiled-in object format Default
Building MikdashCourtyardV3Editor...
===== Toolchain Information =====
Using ISPC compiler (C:\Program Files\Epic Games\UE_5.8\Engine\Source\ThirdParty\Intel\ISPC\bin\Windows\ispc.exe)
  Intel(r) Implicit SPMD Program Compiler (Intel(r) ISPC), 1.24.0 (build commit  @ 20250404, LLVM 18.1.2) 
Using Visual Studio 14.44.35228 toolchain (C:\Program Files (x86)\Microsoft Visual Studio\2022\BuildTools\VC\Tools\MSVC\14.44.35207) and Windows 10.0.26100.0 SDK (C:\Program Files (x86)\Windows Kits\10).
[Adaptive Build] Excluded from MikdashRuntime unity file: MikdashBirdFlock.cpp, MikdashCinematics.cpp, MikdashCodex.cpp, MikdashCrowdField.cpp, MikdashDoveAppearance.cpp, MikdashDovePawn.cpp, MikdashEnclosure.cpp, MikdashFoliageWind.cpp, MikdashFrontEnd.cpp, MikdashFXDirector.cpp, MikdashGateSecurity.cpp, MikdashLocalization.cpp, MikdashMenuWidget.cpp, MikdashPhotoMode.cpp, MikdashPlayerController.cpp, MikdashResidentCharacter.cpp, MikdashResidentPopulation.cpp, MikdashRuntime.cpp, MikdashSaveGame.cpp, MikdashSceneUnits.cpp, MikdashServiceActor.cpp, MikdashServiceCharacter.cpp, MikdashSettings.cpp, MikdashSoundscape.cpp, MikdashSurfaceDetail.cpp, MikdashTimeOfDay.cpp, MikdashTourGuide.cpp, MikdashTransit.cpp, MikdashTransitBoardingBridge.cpp, MikdashTransitCrowdCoordinator.cpp, MikdashWater.cpp, MikdashWeather.cpp
=================================
Using Unreal Build Accelerator local executor to run 6 action(s)
  CPU 8 physical cores, 8 logical cores
  Memory 15.86 GB physical, 55.88 GB/63.86 GB committed
  UBA Storage capacity 40 GB
[1/6] Compile [x64] MikdashEnclosure.cpp
[2/6] Compile [x64] MikdashPhotoMode.cpp
[3/6] Compile [x64] Module.MikdashRuntime.cpp
[4/6] Link [x64] UnrealEditor-MikdashRuntime.dll
[5/6] Link [x64] UnrealEditor-MikdashRuntime.lib
[6/6] WriteMetadata MikdashCourtyardV3Editor.target [NoUba]

Total time in Unreal Build Accelerator local executor: 48.20 seconds
Output binary: C:\Program Files\Epic Games\UE_5.8\Engine\Binaries\Win64\UnrealEditor.exe

Result: Succeeded
Total execution time: 54.52 seconds
Trace written to file C:\Users\shmue\AppData\Local\UnrealBuildTool\Trace.uba with size 10.1kb

